// Jest Snapshot v1, https://goo.gl/fbAQLP

exports[`<Notice/> matches snapshot 1`] = `
<div>
  <div>
    Loading...
  </div>
</div>
`;
